[pipeline] target: https://xsazcoxinpgttgquwvuf.supabase.co (REMOTE)
Run window: 2026-05-13T02:59:51Z → now

=== data_sync_log rows for this run window ===
  2026-05-13T02:59:59.423+00:00 | nightly_cron                 | partial    | dur=35104.7s | ins=5749033 upd=0 fail=0 | rss_peak=3805MB
  2026-05-13T03:00:03.961+00:00 | regulations                  | complete   | dur=    4.1s | ins=0 upd=999 fail=0 | rss_peak=112MB
  2026-05-13T03:00:08.109+00:00 | congress_officials           | complete   | dur=   33.0s | ins=0 upd=536 fail=0 | rss_peak=122MB
  2026-05-13T03:00:41.145+00:00 | congress_votes               | complete   | dur=  174.1s | ins=0 upd=200 fail=0 | rss_peak=172MB
  2026-05-13T03:03:35.464+00:00 | openstates_bulk_people       | complete   | dur=   19.2s | ins=0 upd=7355 fail=0 | rss_peak=223MB
  2026-05-13T03:03:54.792+00:00 | edgar_daily                  | skipped    | dur=    0.4s | ins=0 upd=0 fail=0 | rss_peak=224MB
  2026-05-13T03:03:55.272+00:00 | fec_bulk                     | failed     | dur= 9973.8s | ins=0 upd=0 fail=0 | rss_peak=-MB | ERR: reaped_orphan
  2026-05-13T05:50:08.649+00:00 | nightly_cron                 | partial    | dur= 1768.2s | ins=7891 upd=0 fail=0 | rss_peak=174MB
  2026-05-13T05:50:14.563+00:00 | regulations                  | complete   | dur=    7.8s | ins=0 upd=999 fail=0 | rss_peak=129MB
  2026-05-13T05:50:22.445+00:00 | congress_officials           | complete   | dur=   51.3s | ins=0 upd=536 fail=0 | rss_peak=150MB
  2026-05-13T05:51:13.85+00:00 | congress_votes               | complete   | dur=  136.5s | ins=0 upd=200 fail=0 | rss_peak=172MB
  2026-05-13T05:53:30.546+00:00 | openstates_bulk_people       | complete   | dur=   30.0s | ins=0 upd=7355 fail=0 | rss_peak=152MB
  2026-05-13T05:54:00.665+00:00 | edgar_daily                  | skipped    | dur=    0.5s | ins=0 upd=0 fail=0 | rss_peak=152MB
  2026-05-13T05:54:11.949+00:00 | entity_connections_rebuild   | failed     | dur= 1202.2s | ins=0 upd=0 fail=0 | rss_peak=157MB | ERR: canceling statement due to statement timeout
  2026-05-13T06:14:14.512+00:00 | tag_rules                    | complete   | dur=   97.9s | ins=1088 upd=0 fail=0 | rss_peak=177MB
  2026-05-13T11:31:38.205+00:00 | openstates                   | complete   | dur= 1643.2s | ins=1307 upd=5865 fail=78 | rss_peak=3724MB
  2026-05-13T11:59:01.529+00:00 | agencies_hierarchy           | complete   | dur=    0.7s | ins=0 upd=1 fail=0 | rss_peak=3724MB
  2026-05-13T11:59:02.249+00:00 | opm_fte                      | complete   | dur=    7.1s | ins=0 upd=31 fail=0 | rss_peak=3848MB
  2026-05-13T11:59:09.439+00:00 | plum_book                    | complete   | dur=    0.5s | ins=0 upd=0 fail=0 | rss_peak=3848MB
  2026-05-13T11:59:09.944+00:00 | elections                    | complete   | dur= 1249.9s | ins=0 upd=26953 fail=0 | rss_peak=3799MB
  2026-05-13T12:19:59.984+00:00 | congress_committees          | complete   | dur=   11.2s | ins=3879 upd=230 fail=0 | rss_peak=3800MB
  2026-05-13T12:20:11.191+00:00 | agency_leadership            | complete   | dur=   88.5s | ins=2 upd=95 fail=0 | rss_peak=3802MB
  2026-05-13T12:21:39.799+00:00 | tag_ai                       | failed     | dur=    0.3s | ins=0 upd=0 fail=0 | rss_peak=3802MB | ERR: column financial_entities.name does not exist
  2026-05-13T12:21:53.631+00:00 | entity_connections_rebuild   | failed     | dur= 1204.4s | ins=0 upd=0 fail=0 | rss_peak=3803MB | ERR: canceling statement due to statement timeout
  2026-05-13T12:41:59.319+00:00 | tag_rules                    | complete   | dur=   33.9s | ins=467 upd=0 fail=0 | rss_peak=3804MB

=== pipeline_state.cron_last_run ===
  updated_at: 2026-05-13T12:45:04.144+00:00
{
  "status": "partial",
  "results": {
    "ai": {
      "tag_ai": {
        "status": "complete",
        "cost_usd": 0,
        "entities": 170
      },
      "tag_rules": {
        "status": "complete"
      },
      "ai_summaries": {
        "status": "complete"
      },
      "tag_industry": {
        "status": "complete",
        "cost_usd": 0,
        "entities": 0
      }
    },
    "errors": [
      "IRS 990: officials load failed: TypeError: fetch failed",
      "LittleSis: fetch failed",
      "EDGAR: preloadCikBindings: TypeError: fetch failed",
      "Rebuild entity_connections: canceling statement due to statement timeout"
    ],
    "is_weekly": true,
    "pipelines": {
      "edgar": {
        "error": "preloadCikBindings: TypeError: fetch failed",
        "status": "failed"
      },
      "irs990": {
        "error": "officials load failed: TypeError: fetch failed",
        "status": "failed"
      },
      "opm_fte": {
        "status": "complete",
        "rows_added": 31,
        "duration_ms": 7185
      },
      "fec_bulk": {
        "status": "complete",
        "rows_added": 5708388,
        "duration_ms": 30150493
      },
      "elections": {
        "status": "complete",
        "rows_added": 26953,
        "duration_ms": 1250009
      },
      "littlesis": {
        "error": "fetch failed",
        "status": "failed"
      },
      "plum_book": {
        "status": "complete",
        "rows_added": 0,
        "duration_ms": 515
      },
      "openstates": {
        "status": "complete",
        "rows_added": 1307,
        "duration_ms": 1643437
      },
      "edgar_daily": {
        "status": "complete",
        "rows_added": 0,
        "duration_ms": 478
      },
      "regulations": {
        "status": "complete",
        "rows_added": 0,
        "duration_ms": 4149
      },
      "usaspending": {
        "status": "complete",
        "rows_added": 0,
        "duration_ms": 16
      },
      "courtlistener": {
        "status": "complete",
        "rows_added": 256,
        "duration_ms": 312241
      },
      "congress_votes": {
        "status": "complete",
        "rows_added": 0,
        "duration_ms": 174319
      },
      "agency_enrichment": {
        "status": "not_scheduled"
      },
      "agency_leadership": {
        "status": "complete",
        "rows_added": 97,
        "duration_ms": 88605
      },
      "agencies_hierarchy": {
        "status": "complete",
        "rows_added": 1,
        "duration_ms": 715
      },
      "congress_officials": {
        "status": "complete",
        "rows_added": 536,
        "duration_ms": 33034
      },
      "congress_committees": {
        "status": "complete",
        "rows_added": 4109,
        "duration_ms": 11222
      },
      "openstates_bulk_people": {
        "status": "complete",
        "rows_added": 7355,
        "duration_ms": 19330
      },
      "entity_connections_rebuild": {
        "error": "canceling statement due to statement timeout",
        "status": "failed"
      }
    },
    "started_at": "2026-05-13T02:59:59.423Z",
    "duration_ms": 35104720,
    "completed_at": "2026-05-13T12:45:04.143Z",
    "total_ai_cost_usd": 0
  },
  "started_at": "2026-05-13T02:59:59.423Z",
  "completed_at": "2026-05-13T12:45:04.143Z"
}

=== pipeline_state — FEC + IRS990 + USASpending watermarks ===
  legistar_seattle_last_run | 2026-04-23T05:20:08.436077+00:00 | {"matters":13418,"last_run":"2026-04-23T05:20:08.218Z","meetings":94}
  legistar_austintexas_last_run | 2026-04-23T05:25:57.508029+00:00 | {"matters":19857,"last_run":"2026-04-23T05:25:57.346Z","meetings":36}
  irs990:index_watermark | 2026-05-12T01:36:11.606+00:00 | {"2024":{"lastModified":"Thu, 06 Mar 2025 14:03:55 GMT","seedFingerprint":"7e521b3ae612"}}
  cron_last_started | 2026-05-12T02:47:06.783+00:00 | {"status":"triggered","started_at":"2026-05-12T02:47:06.783Z","triggered_by":"vercel-cron"}
  littlesis_state | 2026-05-12T05:17:30.375+00:00 | {"last_run_at":"2026-05-12T05:17:30.375Z","entities_sha":"758b5784bde28fed1c70f97618647c42067d1ad031ce53cab244a1275cb34ff1","relationships_sha":"b7f0268f63932e6b1c19ba7654d575d39853d8d82d3e2f1a623dc38
  plum_book_state | 2026-05-09T02:26:00.09+00:00 | {"export_date":"2026-05-09T00:12:03","last_change":"2026-02-16T17:26:04"}
  notify_followers_last_run | 2026-05-13T03:42:22.382+00:00 | {"last_run":"2026-05-13T03:42:22.382Z","previous":"2026-05-12T03:33:55.230Z","agency_events_sent":0,"official_events_sent":0}
  platform_plan | 2026-05-02T18:35:17.27296+00:00 | {"supabase":"pro"}
  cron_last_run | 2026-05-13T12:45:04.144+00:00 | {"status":"partial","results":{"ai":{"tag_ai":{"status":"complete","cost_usd":0,"entities":170},"tag_rules":{"status":"complete"},"ai_summaries":{"status":"complete"},"tag_industry":{"status":"complet

=== financial_relationships by source (post-halt) ===
  source=fec_bulk                            count=err:
  source=fec_bulk_indiv                      count=err:
  source=fec_bulk_indiv_to_committee         count=err:
  source=fec_bulk_ie                         count=err:
  source=usaspending_bulk                    count=err:
  source=irs990                              count=err:
  source=irs_990                             count=err:

=== financial_relationships by relationship_type ===
  type=donation         count=4096103
  type=ie_support       count=3787
  type=ie_oppose        count=1568
  type=contract         count=1277450
  type=grant            count=88370

=== entity_connections totals ===
  total: 1914433

=== refreshed MV freshness — row counts ===
  chord_industry_flows_mv                  rows=85
  chord_donor_type_party_flows_mv          rows=26
  chord_donor_state_party_flows_mv         rows=322
  chord_subject_party_flows_mv             rows=80
  homepage_stats_mv                        rows=1
  official_homepage_stats_mv               rows=15663
  pipeline_runtime_stats_mv                rows=29
  proposal_trending_24h                    rows=75583
  proposal_popularity_24h                  rows=0
