========================================================================
FORCED-SUNDAY CRON RUN — PROD
========================================================================
Started: 2026-05-13T02:41:40.359Z
FEC_CYCLES:        2024,2026
FEC_INDIV_CYCLES:  2024,2026
NODE_OPTIONS:      (unset — DEFAULT 4GB!)
Date.getDay stub:  0 (expect 0)
========================================================================

╔══════════════════════════════════════════╗
║          Nightly Sync Starting            ║
╚══════════════════════════════════════════╝
  Started: 2026-05-13T02:41:40.362Z
[pipeline] target: https://xsazcoxinpgttgquwvuf.supabase.co (REMOTE)
  Seeding jurisdictions...
  Error upserting jurisdiction for District of Columbia: {
  code: 'PGRST116',
  details: 'Results contain 2 rows, application/vnd.pgrst.object+json requires 1 row',
  hint: null,
  message: 'JSON object requested, multiple (or no) rows returned'
}
  Seeded 1 jurisdictions
  Seeding governing bodies...

=== Regulations.gov pipeline (public) ===
  Fetching open-for-comment documents...
  Got 256 open-for-comment documents
  Fetching documents posted since 2025-05-13...
  Got 1000 recent documents
  Processing 999 unique documents...
  Resolving 85 unique agency acronyms...
    85 agencies resolved (0 newly inserted)

  ──────────────────────────────────────────────────
  Regulations.gov pipeline report
  ──────────────────────────────────────────────────
  Documents fetched:               999
  Agencies resolved:               85 (0 new)
  Proposals inserted:              0
  Proposals updated:               999
  Proposals failed:                0
  Estimated storage:               ~2.25 MB
Starting Congress.gov officials pipeline...
  Fetching page 1 of members...
  Got 250 items (total: 250)
  Fetching page 2 of members...
  Got 250 items (total: 500)
  Fetching page 3 of members...
  Got 36 items (total: 536)
Fetched 536 members from Congress.gov
Found 538 existing officials with Congress.gov IDs
[wrapper-heartbeat] rss=145MB peak=145MB elapsed=30s
Inserted 0, Updated 536 officials
Starting Congress bills + XML member votes pipeline...

--- Step 1: Syncing bills from Congress.gov API ---

  Fetching recent House bills...
  Got 50 House bills
  Proposals upserted so far: 50

  Fetching recent Senate bills...
  Got 50 Senate bills
  Proposals upserted so far: 100

  Fetching recent House joint resolutions...
  Got 50 House joint resolutions
  Proposals upserted so far: 150

  Fetching recent Senate joint resolutions...
  Got 50 Senate joint resolutions
  Proposals upserted so far: 200
  Built bioguide map with 191 entries
  Built senator name:state map with 910 entries

--- Step 3: Fetching House Clerk XML votes ---
[wrapper-heartbeat] rss=167MB peak=167MB elapsed=60s
  Pre-loaded 512 existing House roll IDs

  House session 1 (2025) — collecting rolls...
    Roll 1: fetching...
    Roll 2: fetching...
    Roll 138: fetching...
    Roll 169: fetching...
    Roll 178: fetching...
    Roll 363: fetching...
    Roll 363: 404 — no more rolls for session 1

  House session 2 (2026) — collecting rolls...
    Roll 1: fetching...
    Roll 106: fetching...
    Roll 158: fetching...
    Roll 158: 404 — no more rolls for session 2

  Resolving 0 unique House bills in batch...
  Writing House vote records...
    2025-house-001: no proposal reference, skipping vote records
    2025-house-002: no proposal reference, skipping vote records
    2025-house-138: no proposal reference, skipping vote records
    2025-house-169: no proposal reference, skipping vote records
    2025-house-178: no proposal reference, skipping vote records
    2026-house-001: no proposal reference, skipping vote records
    2026-house-106: no proposal reference, skipping vote records

--- Step 4: Fetching Senate LIS XML votes ---
  Pre-loaded 492 existing Senate roll IDs

  Senate session 1 — collecting rolls...
    Roll 3: fetching...
    Roll 4: fetching...
    Roll 6: fetching...
[wrapper-heartbeat] rss=171MB peak=171MB elapsed=90s
    Roll 62: fetching...
    Roll 63: fetching...
    Roll 64: fetching...
    Roll 65: fetching...
    Roll 66: fetching...
    Roll 67: fetching...
    Roll 68: fetching...
    Roll 69: fetching...
    Roll 70: fetching...
    Roll 71: fetching...
    Roll 72: fetching...
    Roll 73: fetching...
    Roll 74: fetching...
    Roll 75: fetching...
    Roll 76: fetching...
    Roll 77: fetching...
    Roll 78: fetching...
    Roll 79: fetching...
    Roll 80: fetching...
    Roll 81: fetching...
    Roll 82: fetching...
    Roll 83: fetching...
    Roll 84: fetching...
    Roll 85: fetching...
    Roll 86: fetching...
    Roll 129: fetching...
    Roll 130: fetching...
    Roll 131: fetching...
    Roll 132: fetching...
    Roll 170: fetching...
    Roll 171: fetching...
    Roll 172: fetching...
    Roll 173: fetching...
    Roll 174: fetching...
    Roll 175: fetching...
    Roll 176: fetching...
    Roll 177: fetching...
    Roll 178: fetching...
    Roll 179: fetching...
    Roll 180: fetching...
    Roll 181: fetching...
    Roll 182: fetching...
    Roll 183: fetching...
    Roll 184: fetching...
    Roll 185: fetching...
    Roll 186: fetching...
    Roll 187: fetching...
    Roll 188: fetching...
    Roll 189: fetching...
    Roll 190: fetching...
    Roll 309: fetching...
    Roll 310: fetching...
    Roll 311: fetching...
    Roll 330: fetching...
    Roll 339: fetching...
    Roll 341: fetching...
    Roll 342: fetching...
    Roll 343: fetching...
    Roll 344: fetching...
    Roll 345: fetching...
    Roll 352: fetching...
    Roll 355: fetching...
    Roll 356: fetching...
    Roll 358: fetching...
    Roll 360: fetching...
    Roll 361: fetching...
    Roll 362: fetching...
    Roll 363: fetching...
    Roll 364: fetching...
    Roll 365: fetching...
    Roll 366: fetching...
    Roll 367: fetching...
    Roll 368: fetching...
    Roll 369: fetching...
    Roll 370: fetching...
    Roll 371: fetching...
    Roll 393: fetching...
    Roll 397: fetching...
    Roll 400: fetching...
    Roll 402: fetching...
    Roll 404: fetching...
    Roll 405: fetching...
    Roll 406: fetching...
    Roll 407: fetching...
    Roll 408: fetching...
    Roll 409: fetching...
    Roll 410: fetching...
    Roll 472: fetching...
    Roll 473: fetching...
    Roll 474: fetching...
    Roll 475: fetching...
    Roll 476: fetching...
    Roll 477: fetching...
    Roll 478: fetching...
[wrapper-heartbeat] rss=190MB peak=190MB elapsed=120s
    Roll 479: fetching...
    Roll 481: fetching...

  Senate session 2 — collecting rolls...
    Roll 14: fetching...
    Roll 15: fetching...
    Roll 16: fetching...
    Roll 17: fetching...
    Roll 18: fetching...
    Roll 19: fetching...
    Roll 50: fetching...
    Roll 51: fetching...
    Roll 60: fetching...
    Roll 73: fetching...
    Roll 89: fetching...
    Roll 90: fetching...
    Roll 91: fetching...
    Roll 92: fetching...
    Roll 93: fetching...
    Roll 94: fetching...
    Roll 95: fetching...
    Roll 96: fetching...
    Roll 97: fetching...
    Roll 98: fetching...
    Roll 99: fetching...
    Roll 100: fetching...
    Roll 101: fetching...
    Roll 102: fetching...
    Roll 103: fetching...
    Roll 104: fetching...
    Roll 118: fetching...
    Roll 118: unexpected XML structure, skipping
    Roll 119: fetching...
    Roll 119: unexpected XML structure, skipping
    Roll 120: fetching...
    Roll 120: unexpected XML structure, skipping
    Roll 121: fetching...
    Roll 121: unexpected XML structure, skipping
    Roll 122: fetching...
    Roll 122: unexpected XML structure, skipping
    Roll 123: fetching...
    Roll 123: unexpected XML structure, skipping
    Roll 124: fetching...
    Roll 124: unexpected XML structure, skipping
    Roll 125: fetching...
    Roll 125: unexpected XML structure, skipping
    Roll 126: fetching...
    Roll 126: unexpected XML structure, skipping
    Roll 127: fetching...
    Roll 127: unexpected XML structure, skipping
    Roll 128: fetching...
    Roll 128: unexpected XML structure, skipping
    Roll 129: fetching...
    Roll 129: unexpected XML structure, skipping
    Roll 130: fetching...
    Roll 130: unexpected XML structure, skipping
    Roll 131: fetching...
    Roll 131: unexpected XML structure, skipping
    Roll 132: fetching...
    Roll 132: unexpected XML structure, skipping
    Roll 133: fetching...
    Roll 133: unexpected XML structure, skipping
    Roll 134: fetching...
    Roll 134: unexpected XML structure, skipping
    Roll 135: fetching...
    Roll 135: unexpected XML structure, skipping
    Roll 136: fetching...
    Roll 136: unexpected XML structure, skipping
    Roll 137: fetching...
    Roll 137: unexpected XML structure, skipping
    Roll 138: fetching...
    Roll 138: unexpected XML structure, skipping
    Roll 139: fetching...
    Roll 139: unexpected XML structure, skipping
    Roll 140: fetching...
    Roll 140: unexpected XML structure, skipping
    Roll 141: fetching...
    Roll 141: unexpected XML structure, skipping
    Roll 142: fetching...
    Roll 142: unexpected XML structure, skipping
    Roll 143: fetching...
    Roll 143: unexpected XML structure, skipping
    Roll 144: fetching...
    Roll 144: unexpected XML structure, skipping
    Roll 145: fetching...
    Roll 145: unexpected XML structure, skipping
    Roll 146: fetching...
    Roll 146: unexpected XML structure, skipping
    Roll 147: fetching...
    Roll 147: unexpected XML structure, skipping
    Roll 148: fetching...
    Roll 148: unexpected XML structure, skipping
    Roll 149: fetching...
    Roll 149: unexpected XML structure, skipping
    Roll 150: fetching...
    Roll 150: unexpected XML structure, skipping
    Roll 151: fetching...
    Roll 151: unexpected XML structure, skipping
    Roll 152: fetching...
    Roll 152: unexpected XML structure, skipping
    Roll 153: fetching...
    Roll 153: unexpected XML structure, skipping
    Roll 154: fetching...
    Roll 154: unexpected XML structure, skipping
    Roll 155: fetching...
    Roll 155: unexpected XML structure, skipping
    Roll 156: fetching...
    Roll 156: unexpected XML structure, skipping
    Roll 157: fetching...
    Roll 157: unexpected XML structure, skipping
    Roll 158: fetching...
    Roll 158: unexpected XML structure, skipping
    Roll 159: fetching...
    Roll 159: unexpected XML structure, skipping
    Roll 160: fetching...
    Roll 160: unexpected XML structure, skipping
    Roll 161: fetching...
    Roll 161: unexpected XML structure, skipping
    Roll 162: fetching...
    Roll 162: unexpected XML structure, skipping
    Roll 163: fetching...
    Roll 163: unexpected XML structure, skipping
    Roll 164: fetching...
    Roll 164: unexpected XML structure, skipping
    Roll 165: fetching...
    Roll 165: unexpected XML structure, skipping
    Roll 166: fetching...
    Roll 166: unexpected XML structure, skipping
    Roll 167: fetching...
    Roll 167: unexpected XML structure, skipping
    Roll 168: fetching...
    Roll 168: unexpected XML structure, skipping
    Roll 169: fetching...
    Roll 169: unexpected XML structure, skipping
    Roll 170: fetching...
    Roll 170: unexpected XML structure, skipping
    Roll 171: fetching...
    Roll 171: unexpected XML structure, skipping
    Roll 172: fetching...
    Roll 172: unexpected XML structure, skipping
    Roll 173: fetching...
    Roll 173: unexpected XML structure, skipping
    Roll 174: fetching...
    Roll 174: unexpected XML structure, skipping
    Roll 175: fetching...
    Roll 175: unexpected XML structure, skipping
    Roll 176: fetching...
    Roll 176: unexpected XML structure, skipping
    Roll 177: fetching...
    Roll 177: unexpected XML structure, skipping
    Roll 178: fetching...
    Roll 178: unexpected XML structure, skipping
    Roll 179: fetching...
    Roll 179: unexpected XML structure, skipping
    Roll 180: fetching...
    Roll 180: unexpected XML structure, skipping
    Roll 181: fetching...
    Roll 181: unexpected XML structure, skipping
    Roll 182: fetching...
    Roll 182: unexpected XML structure, skipping
    Roll 183: fetching...
    Roll 183: unexpected XML structure, skipping
    Roll 184: fetching...
    Roll 184: unexpected XML structure, skipping
    Roll 185: fetching...
    Roll 185: unexpected XML structure, skipping
    Roll 186: fetching...
    Roll 186: unexpected XML structure, skipping
    Roll 187: fetching...
    Roll 187: unexpected XML structure, skipping
    Roll 188: fetching...
    Roll 188: unexpected XML structure, skipping
    Roll 189: fetching...
    Roll 189: unexpected XML structure, skipping
    Roll 190: fetching...
    Roll 190: unexpected XML structure, skipping
    Roll 191: fetching...
    Roll 191: unexpected XML structure, skipping
    Roll 192: fetching...
    Roll 192: unexpected XML structure, skipping
    Roll 193: fetching...
    Roll 193: unexpected XML structure, skipping
    Roll 194: fetching...
[wrapper-heartbeat] rss=194MB peak=194MB elapsed=150s
    Roll 194: unexpected XML structure, skipping
    Roll 195: fetching...
    Roll 195: unexpected XML structure, skipping
    Roll 196: fetching...
    Roll 196: unexpected XML structure, skipping
    Roll 197: fetching...
    Roll 197: unexpected XML structure, skipping
    Roll 198: fetching...
    Roll 198: unexpected XML structure, skipping
    Roll 199: fetching...
    Roll 199: unexpected XML structure, skipping
    Roll 200: fetching...
    Roll 200: unexpected XML structure, skipping
    Roll 201: fetching...
    Roll 201: unexpected XML structure, skipping
    Roll 202: fetching...
    Roll 202: unexpected XML structure, skipping
    Roll 203: fetching...
    Roll 203: unexpected XML structure, skipping
    Roll 204: fetching...
    Roll 204: unexpected XML structure, skipping
    Roll 205: fetching...
    Roll 205: unexpected XML structure, skipping
    Roll 206: fetching...
    Roll 206: unexpected XML structure, skipping
    Roll 207: fetching...
    Roll 207: unexpected XML structure, skipping
    Roll 208: fetching...
    Roll 208: unexpected XML structure, skipping
    Roll 209: fetching...
    Roll 209: unexpected XML structure, skipping
    Roll 210: fetching...
    Roll 210: unexpected XML structure, skipping
    Roll 211: fetching...
    Roll 211: unexpected XML structure, skipping
    Roll 212: fetching...
    Roll 212: unexpected XML structure, skipping
    Roll 213: fetching...
    Roll 213: unexpected XML structure, skipping
    Roll 214: fetching...
    Roll 214: unexpected XML structure, skipping
    Roll 215: fetching...
    Roll 215: unexpected XML structure, skipping
    Roll 216: fetching...
    Roll 216: unexpected XML structure, skipping
    Roll 217: fetching...
    Roll 217: unexpected XML structure, skipping
    Roll 218: fetching...
    Roll 218: unexpected XML structure, skipping
    Roll 219: fetching...
    Roll 219: unexpected XML structure, skipping
    Roll 220: fetching...
    Roll 220: unexpected XML structure, skipping
    Roll 221: fetching...
    Roll 221: unexpected XML structure, skipping
    Roll 222: fetching...
    Roll 222: unexpected XML structure, skipping
    Roll 223: fetching...
    Roll 223: unexpected XML structure, skipping
    Roll 224: fetching...
    Roll 224: unexpected XML structure, skipping
    Roll 225: fetching...
    Roll 225: unexpected XML structure, skipping
    Roll 226: fetching...
    Roll 226: unexpected XML structure, skipping
    Roll 227: fetching...
    Roll 227: unexpected XML structure, skipping
    Roll 228: fetching...
    Roll 228: unexpected XML structure, skipping
    Roll 229: fetching...
    Roll 229: unexpected XML structure, skipping
    Roll 230: fetching...
    Roll 230: unexpected XML structure, skipping
    Roll 231: fetching...
    Roll 231: unexpected XML structure, skipping
    Roll 232: fetching...
    Roll 232: unexpected XML structure, skipping
    Roll 233: fetching...
    Roll 233: unexpected XML structure, skipping
    Roll 234: fetching...
    Roll 234: unexpected XML structure, skipping
    Roll 235: fetching...
    Roll 235: unexpected XML structure, skipping
    Roll 236: fetching...
    Roll 236: unexpected XML structure, skipping
    Roll 237: fetching...
    Roll 237: unexpected XML structure, skipping
    Roll 238: fetching...
    Roll 238: unexpected XML structure, skipping
    Roll 239: fetching...
    Roll 239: unexpected XML structure, skipping
    Roll 240: fetching...
    Roll 240: unexpected XML structure, skipping
    Roll 241: fetching...
    Roll 241: unexpected XML structure, skipping
    Roll 242: fetching...
    Roll 242: unexpected XML structure, skipping
    Roll 243: fetching...
    Roll 243: unexpected XML structure, skipping
    Roll 244: fetching...
    Roll 244: unexpected XML structure, skipping
    Roll 245: fetching...
    Roll 245: unexpected XML structure, skipping
    Roll 246: fetching...
    Roll 246: unexpected XML structure, skipping
    Roll 247: fetching...
    Roll 247: unexpected XML structure, skipping
    Roll 248: fetching...
    Roll 248: unexpected XML structure, skipping
    Roll 249: fetching...
    Roll 249: unexpected XML structure, skipping
    Roll 250: fetching...
    Roll 250: unexpected XML structure, skipping
    Roll 251: fetching...
    Roll 251: unexpected XML structure, skipping
    Roll 252: fetching...
    Roll 252: unexpected XML structure, skipping
    Roll 253: fetching...
    Roll 253: unexpected XML structure, skipping
    Roll 254: fetching...
    Roll 254: unexpected XML structure, skipping
    Roll 255: fetching...
    Roll 255: unexpected XML structure, skipping
    Roll 256: fetching...
    Roll 256: unexpected XML structure, skipping
    Roll 257: fetching...
    Roll 257: unexpected XML structure, skipping
    Roll 258: fetching...
    Roll 258: unexpected XML structure, skipping
    Roll 259: fetching...
    Roll 259: unexpected XML structure, skipping
    Roll 260: fetching...
    Roll 260: unexpected XML structure, skipping
    Roll 261: fetching...
    Roll 261: unexpected XML structure, skipping
    Roll 262: fetching...
    Roll 262: unexpected XML structure, skipping
    Roll 263: fetching...
    Roll 263: unexpected XML structure, skipping
    Roll 264: fetching...
    Roll 264: unexpected XML structure, skipping
    Roll 265: fetching...
    Roll 265: unexpected XML structure, skipping
    Roll 266: fetching...
    Roll 266: unexpected XML structure, skipping
    Roll 267: fetching...
    Roll 267: unexpected XML structure, skipping
    Roll 268: fetching...
    Roll 268: unexpected XML structure, skipping
    Roll 269: fetching...
    Roll 269: unexpected XML structure, skipping
    Roll 270: fetching...
    Roll 270: unexpected XML structure, skipping
    Roll 271: fetching...
    Roll 271: unexpected XML structure, skipping
    Roll 272: fetching...
    Roll 272: unexpected XML structure, skipping
    Roll 273: fetching...
    Roll 273: unexpected XML structure, skipping
    Roll 274: fetching...
    Roll 274: unexpected XML structure, skipping
    Roll 275: fetching...
    Roll 275: unexpected XML structure, skipping
    Roll 276: fetching...
    Roll 276: unexpected XML structure, skipping
    Roll 277: fetching...
    Roll 277: unexpected XML structure, skipping
    Roll 278: fetching...
    Roll 278: unexpected XML structure, skipping
    Roll 279: fetching...
    Roll 279: unexpected XML structure, skipping
    Roll 280: fetching...
    Roll 280: unexpected XML structure, skipping
    Roll 281: fetching...
    Roll 281: unexpected XML structure, skipping
    Roll 282: fetching...
    Roll 282: unexpected XML structure, skipping
    Roll 283: fetching...
    Roll 283: unexpected XML structure, skipping
    Roll 284: fetching...
    Roll 284: unexpected XML structure, skipping
    Roll 285: fetching...
    Roll 285: unexpected XML structure, skipping
    Roll 286: fetching...
    Roll 286: unexpected XML structure, skipping
    Roll 287: fetching...
    Roll 287: unexpected XML structure, skipping
    Roll 288: fetching...
    Roll 288: unexpected XML structure, skipping
    Roll 289: fetching...
    Roll 289: unexpected XML structure, skipping
    Roll 290: fetching...
    Roll 290: unexpected XML structure, skipping
    Roll 291: fetching...
    Roll 291: unexpected XML structure, skipping
    Roll 292: fetching...
    Roll 292: unexpected XML structure, skipping
    Roll 293: fetching...
    Roll 293: unexpected XML structure, skipping
    Roll 294: fetching...
    Roll 294: unexpected XML structure, skipping
    Roll 295: fetching...
    Roll 295: unexpected XML structure, skipping
    Roll 296: fetching...
    Roll 296: unexpected XML structure, skipping
    Roll 297: fetching...
    Roll 297: unexpected XML structure, skipping
    Roll 298: fetching...
    Roll 298: unexpected XML structure, skipping
    Roll 299: fetching...
    Roll 299: unexpected XML structure, skipping
    Roll 300: fetching...
    Roll 300: unexpected XML structure, skipping
    Roll 301: fetching...
    Roll 301: unexpected XML structure, skipping
    Roll 302: fetching...
    Roll 302: unexpected XML structure, skipping
    Roll 303: fetching...
    Roll 303: unexpected XML structure, skipping
    Roll 304: fetching...
[wrapper-heartbeat] rss=198MB peak=198MB elapsed=180s
    Roll 304: unexpected XML structure, skipping
    Roll 305: fetching...
    Roll 305: unexpected XML structure, skipping
    Roll 306: fetching...
    Roll 306: unexpected XML structure, skipping
    Roll 307: fetching...
    Roll 307: unexpected XML structure, skipping
    Roll 308: fetching...
    Roll 308: unexpected XML structure, skipping
    Roll 309: fetching...
    Roll 309: unexpected XML structure, skipping
    Roll 310: fetching...
    Roll 310: unexpected XML structure, skipping
    Roll 311: fetching...
    Roll 311: unexpected XML structure, skipping
    Roll 312: fetching...
    Roll 312: unexpected XML structure, skipping
    Roll 313: fetching...
    Roll 313: unexpected XML structure, skipping
    Roll 314: fetching...
    Roll 314: unexpected XML structure, skipping
    Roll 315: fetching...
    Roll 315: unexpected XML structure, skipping
    Roll 316: fetching...
    Roll 316: unexpected XML structure, skipping
    Roll 317: fetching...
    Roll 317: unexpected XML structure, skipping
    Roll 318: fetching...
    Roll 318: unexpected XML structure, skipping
    Roll 319: fetching...
    Roll 319: unexpected XML structure, skipping
    Roll 320: fetching...
    Roll 320: unexpected XML structure, skipping
    Roll 321: fetching...
    Roll 321: unexpected XML structure, skipping
    Roll 322: fetching...
    Roll 322: unexpected XML structure, skipping
    Roll 323: fetching...
    Roll 323: unexpected XML structure, skipping
    Roll 324: fetching...
    Roll 324: unexpected XML structure, skipping
    Roll 325: fetching...
    Roll 325: unexpected XML structure, skipping
    Roll 326: fetching...
    Roll 326: unexpected XML structure, skipping
    Roll 327: fetching...
    Roll 327: unexpected XML structure, skipping
    Roll 328: fetching...
    Roll 328: unexpected XML structure, skipping
    Roll 329: fetching...
    Roll 329: unexpected XML structure, skipping
    Roll 330: fetching...
    Roll 330: unexpected XML structure, skipping
    Roll 331: fetching...
    Roll 331: unexpected XML structure, skipping
    Roll 332: fetching...
    Roll 332: unexpected XML structure, skipping
    Roll 333: fetching...
    Roll 333: unexpected XML structure, skipping
    Roll 334: fetching...
    Roll 334: unexpected XML structure, skipping
    Roll 335: fetching...
    Roll 335: unexpected XML structure, skipping
    Roll 336: fetching...
    Roll 336: unexpected XML structure, skipping
    Roll 337: fetching...
    Roll 337: unexpected XML structure, skipping
    Roll 338: fetching...
    Roll 338: unexpected XML structure, skipping
    Roll 339: fetching...
    Roll 339: unexpected XML structure, skipping
    Roll 340: fetching...
    Roll 340: unexpected XML structure, skipping
    Roll 341: fetching...
    Roll 341: unexpected XML structure, skipping
    Roll 342: fetching...
    Roll 342: unexpected XML structure, skipping
    Roll 343: fetching...
    Roll 343: unexpected XML structure, skipping
    Roll 344: fetching...
    Roll 344: unexpected XML structure, skipping
    Roll 345: fetching...
    Roll 345: unexpected XML structure, skipping
    Roll 346: fetching...
    Roll 346: unexpected XML structure, skipping
    Roll 347: fetching...
    Roll 347: unexpected XML structure, skipping
    Roll 348: fetching...
    Roll 348: unexpected XML structure, skipping
    Roll 349: fetching...
    Roll 349: unexpected XML structure, skipping
    Roll 350: fetching...
    Roll 350: unexpected XML structure, skipping
    Roll 351: fetching...
    Roll 351: unexpected XML structure, skipping
    Roll 352: fetching...
    Roll 352: unexpected XML structure, skipping
    Roll 353: fetching...
    Roll 353: unexpected XML structure, skipping
    Roll 354: fetching...
    Roll 354: unexpected XML structure, skipping
    Roll 355: fetching...
    Roll 355: unexpected XML structure, skipping
    Roll 356: fetching...
    Roll 356: unexpected XML structure, skipping
    Roll 357: fetching...
    Roll 357: unexpected XML structure, skipping
    Roll 358: fetching...
    Roll 358: unexpected XML structure, skipping
    Roll 359: fetching...
    Roll 359: unexpected XML structure, skipping
    Roll 360: fetching...
    Roll 360: unexpected XML structure, skipping
    Roll 361: fetching...
    Roll 361: unexpected XML structure, skipping
    Roll 362: fetching...
    Roll 362: unexpected XML structure, skipping
    Roll 363: fetching...
    Roll 363: unexpected XML structure, skipping
    Roll 364: fetching...
    Roll 364: unexpected XML structure, skipping
    Roll 365: fetching...
    Roll 365: unexpected XML structure, skipping
    Roll 366: fetching...
    Roll 366: unexpected XML structure, skipping
    Roll 367: fetching...
    Roll 367: unexpected XML structure, skipping
    Roll 368: fetching...
    Roll 368: unexpected XML structure, skipping
    Roll 369: fetching...
    Roll 369: unexpected XML structure, skipping
    Roll 370: fetching...
    Roll 370: unexpected XML structure, skipping
    Roll 371: fetching...
    Roll 371: unexpected XML structure, skipping
    Roll 372: fetching...
    Roll 372: unexpected XML structure, skipping
    Roll 373: fetching...
    Roll 373: unexpected XML structure, skipping
    Roll 374: fetching...
    Roll 374: unexpected XML structure, skipping
    Roll 375: fetching...
    Roll 375: unexpected XML structure, skipping
    Roll 376: fetching...
    Roll 376: unexpected XML structure, skipping
    Roll 377: fetching...
    Roll 377: unexpected XML structure, skipping
    Roll 378: fetching...
    Roll 378: unexpected XML structure, skipping
    Roll 379: fetching...
    Roll 379: unexpected XML structure, skipping
    Roll 380: fetching...
    Roll 380: unexpected XML structure, skipping
    Roll 381: fetching...
    Roll 381: unexpected XML structure, skipping
    Roll 382: fetching...
    Roll 382: unexpected XML structure, skipping
    Roll 383: fetching...
    Roll 383: unexpected XML structure, skipping
    Roll 384: fetching...
    Roll 384: unexpected XML structure, skipping
    Roll 385: fetching...
    Roll 385: unexpected XML structure, skipping
    Roll 386: fetching...
    Roll 386: unexpected XML structure, skipping
    Roll 387: fetching...
    Roll 387: unexpected XML structure, skipping
    Roll 388: fetching...
    Roll 388: unexpected XML structure, skipping
    Roll 389: fetching...
    Roll 389: unexpected XML structure, skipping
    Roll 390: fetching...
    Roll 390: unexpected XML structure, skipping
    Roll 391: fetching...
    Roll 391: unexpected XML structure, skipping
    Roll 392: fetching...
    Roll 392: unexpected XML structure, skipping
    Roll 393: fetching...
    Roll 393: unexpected XML structure, skipping
    Roll 394: fetching...
    Roll 394: unexpected XML structure, skipping
    Roll 395: fetching...
    Roll 395: unexpected XML structure, skipping
    Roll 396: fetching...
    Roll 396: unexpected XML structure, skipping
    Roll 397: fetching...
    Roll 397: unexpected XML structure, skipping
    Roll 398: fetching...
    Roll 398: unexpected XML structure, skipping
    Roll 399: fetching...
    Roll 399: unexpected XML structure, skipping
    Roll 400: fetching...
    Roll 400: unexpected XML structure, skipping
    Roll 401: fetching...
    Roll 401: unexpected XML structure, skipping
    Roll 402: fetching...
    Roll 402: unexpected XML structure, skipping
    Roll 403: fetching...
    Roll 403: unexpected XML structure, skipping
    Roll 404: fetching...
    Roll 404: unexpected XML structure, skipping
    Roll 405: fetching...
    Roll 405: unexpected XML structure, skipping
    Roll 406: fetching...
    Roll 406: unexpected XML structure, skipping
    Roll 407: fetching...
    Roll 407: unexpected XML structure, skipping
    Roll 408: fetching...
    Roll 408: unexpected XML structure, skipping
    Roll 409: fetching...
    Roll 409: unexpected XML structure, skipping
    Roll 410: fetching...
    Roll 410: unexpected XML structure, skipping
    Roll 411: fetching...
    Roll 411: unexpected XML structure, skipping
    Roll 412: fetching...
    Roll 412: unexpected XML structure, skipping
    Roll 413: fetching...
    Roll 413: unexpected XML structure, skipping
    Roll 414: fetching...
    Roll 414: unexpected XML structure, skipping
    Roll 415: fetching...
    Roll 415: unexpected XML structure, skipping
    Roll 416: fetching...
    Roll 416: unexpected XML structure, skipping
    Roll 417: fetching...
    Roll 417: unexpected XML structure, skipping
    Roll 418: fetching...
    Roll 418: unexpected XML structure, skipping
    Roll 419: fetching...
    Roll 419: unexpected XML structure, skipping
    Roll 420: fetching...
    Roll 420: unexpected XML structure, skipping
    Roll 421: fetching...
    Roll 421: unexpected XML structure, skipping
    Roll 422: fetching...
    Roll 422: unexpected XML structure, skipping
    Roll 423: fetching...
    Roll 423: unexpected XML structure, skipping
    Roll 424: fetching...
    Roll 424: unexpected XML structure, skipping
    Roll 425: fetching...
[wrapper-heartbeat] rss=199MB peak=199MB elapsed=210s
    Roll 425: unexpected XML structure, skipping
    Roll 426: fetching...
    Roll 426: unexpected XML structure, skipping
    Roll 427: fetching...
    Roll 427: unexpected XML structure, skipping
    Roll 428: fetching...
    Roll 428: unexpected XML structure, skipping
    Roll 429: fetching...
    Roll 429: unexpected XML structure, skipping
    Roll 430: fetching...
    Roll 430: unexpected XML structure, skipping
    Roll 431: fetching...
    Roll 431: unexpected XML structure, skipping
    Roll 432: fetching...
    Roll 432: unexpected XML structure, skipping
    Roll 433: fetching...
    Roll 433: unexpected XML structure, skipping
    Roll 434: fetching...
    Roll 434: unexpected XML structure, skipping
    Roll 435: fetching...
    Roll 435: unexpected XML structure, skipping
    Roll 436: fetching...
    Roll 436: unexpected XML structure, skipping
    Roll 437: fetching...
    Roll 437: unexpected XML structure, skipping
    Roll 438: fetching...
    Roll 438: unexpected XML structure, skipping
    Roll 439: fetching...
    Roll 439: unexpected XML structure, skipping
    Roll 440: fetching...
    Roll 440: unexpected XML structure, skipping
    Roll 441: fetching...
    Roll 441: unexpected XML structure, skipping
    Roll 442: fetching...
    Roll 442: unexpected XML structure, skipping
    Roll 443: fetching...
    Roll 443: unexpected XML structure, skipping
    Roll 444: fetching...
    Roll 444: unexpected XML structure, skipping
    Roll 445: fetching...
    Roll 445: unexpected XML structure, skipping
    Roll 446: fetching...
    Roll 446: unexpected XML structure, skipping
    Roll 447: fetching...
    Roll 447: unexpected XML structure, skipping
    Roll 448: fetching...
    Roll 448: unexpected XML structure, skipping
    Roll 449: fetching...
    Roll 449: unexpected XML structure, skipping
    Roll 450: fetching...
    Roll 450: unexpected XML structure, skipping
    Roll 451: fetching...
    Roll 451: unexpected XML structure, skipping
    Roll 452: fetching...
    Roll 452: unexpected XML structure, skipping
    Roll 453: fetching...
    Roll 453: unexpected XML structure, skipping
    Roll 454: fetching...
    Roll 454: unexpected XML structure, skipping
    Roll 455: fetching...
    Roll 455: unexpected XML structure, skipping
    Roll 456: fetching...
    Roll 456: unexpected XML structure, skipping
    Roll 457: fetching...
    Roll 457: unexpected XML structure, skipping
    Roll 458: fetching...
    Roll 458: unexpected XML structure, skipping
    Roll 459: fetching...
    Roll 459: unexpected XML structure, skipping
    Roll 460: fetching...
    Roll 460: unexpected XML structure, skipping
    Roll 461: fetching...
    Roll 461: unexpected XML structure, skipping
    Roll 462: fetching...
    Roll 462: unexpected XML structure, skipping
    Roll 463: fetching...
    Roll 463: unexpected XML structure, skipping
    Roll 464: fetching...
    Roll 464: unexpected XML structure, skipping
    Roll 465: fetching...
    Roll 465: unexpected XML structure, skipping
    Roll 466: fetching...
    Roll 466: unexpected XML structure, skipping
    Roll 467: fetching...
    Roll 467: unexpected XML structure, skipping
    Roll 468: fetching...
    Roll 468: unexpected XML structure, skipping
    Roll 469: fetching...
    Roll 469: unexpected XML structure, skipping
    Roll 470: fetching...
    Roll 470: unexpected XML structure, skipping
    Roll 471: fetching...
    Roll 471: unexpected XML structure, skipping
    Roll 472: fetching...
    Roll 472: unexpected XML structure, skipping
    Roll 473: fetching...
    Roll 473: unexpected XML structure, skipping
    Roll 474: fetching...
    Roll 474: unexpected XML structure, skipping
    Roll 475: fetching...
    Roll 475: unexpected XML structure, skipping
    Roll 476: fetching...
    Roll 476: unexpected XML structure, skipping
    Roll 477: fetching...
    Roll 477: unexpected XML structure, skipping
    Roll 478: fetching...
    Roll 478: unexpected XML structure, skipping
    Roll 479: fetching...
    Roll 479: unexpected XML structure, skipping
    Roll 480: fetching...
    Roll 480: unexpected XML structure, skipping
    Roll 481: fetching...
    Roll 481: unexpected XML structure, skipping
    Roll 482: fetching...
    Roll 482: unexpected XML structure, skipping
    Roll 483: fetching...
    Roll 483: unexpected XML structure, skipping
    Roll 484: fetching...
    Roll 484: unexpected XML structure, skipping
    Roll 485: fetching...
    Roll 485: unexpected XML structure, skipping
    Roll 486: fetching...
    Roll 486: unexpected XML structure, skipping
    Roll 487: fetching...
    Roll 487: unexpected XML structure, skipping
    Roll 488: fetching...
    Roll 488: unexpected XML structure, skipping
    Roll 489: fetching...
    Roll 489: unexpected XML structure, skipping
    Roll 490: fetching...
    Roll 490: unexpected XML structure, skipping
    Roll 491: fetching...
    Roll 491: unexpected XML structure, skipping
    Roll 492: fetching...
    Roll 492: unexpected XML structure, skipping
    Roll 493: fetching...
    Roll 493: unexpected XML structure, skipping
    Roll 494: fetching...
    Roll 494: unexpected XML structure, skipping
    Roll 495: fetching...
    Roll 495: unexpected XML structure, skipping
    Roll 496: fetching...
    Roll 496: unexpected XML structure, skipping
    Roll 497: fetching...
    Roll 497: unexpected XML structure, skipping
    Roll 498: fetching...
    Roll 498: unexpected XML structure, skipping
    Roll 499: fetching...
    Roll 499: unexpected XML structure, skipping
    Roll 500: fetching...
    Roll 500: unexpected XML structure, skipping

  Resolving 0 unique Senate bills in batch...
  Writing Senate vote records...
    senate-119-1-00003: no proposal reference, skipping vote records
    senate-119-1-00004: no proposal reference, skipping vote records
    senate-119-1-00006: no proposal reference, skipping vote records
    senate-119-1-00062: no proposal reference, skipping vote records
    senate-119-1-00063: no proposal reference, skipping vote records
    senate-119-1-00064: no proposal reference, skipping vote records
    senate-119-1-00065: no proposal reference, skipping vote records
    senate-119-1-00066: no proposal reference, skipping vote records
    senate-119-1-00067: no proposal reference, skipping vote records
    senate-119-1-00068: no proposal reference, skipping vote records
    senate-119-1-00069: no proposal reference, skipping vote records
    senate-119-1-00070: no proposal reference, skipping vote records
    senate-119-1-00071: no proposal reference, skipping vote records
    senate-119-1-00072: no proposal reference, skipping vote records
    senate-119-1-00073: no proposal reference, skipping vote records
    senate-119-1-00074: no proposal reference, skipping vote records
    senate-119-1-00075: no proposal reference, skipping vote records
    senate-119-1-00076: no proposal reference, skipping vote records
    senate-119-1-00077: no proposal reference, skipping vote records
    senate-119-1-00078: no proposal reference, skipping vote records
    senate-119-1-00079: no proposal reference, skipping vote records
    senate-119-1-00080: no proposal reference, skipping vote records
    senate-119-1-00081: no proposal reference, skipping vote records
    senate-119-1-00082: no proposal reference, skipping vote records
    senate-119-1-00083: no proposal reference, skipping vote records
    senate-119-1-00084: no proposal reference, skipping vote records
    senate-119-1-00085: no proposal reference, skipping vote records
    senate-119-1-00086: no proposal reference, skipping vote records
    senate-119-1-00129: no proposal reference, skipping vote records
    senate-119-1-00130: no proposal reference, skipping vote records
    senate-119-1-00131: no proposal reference, skipping vote records
    senate-119-1-00132: no proposal reference, skipping vote records
    senate-119-1-00170: no proposal reference, skipping vote records
    senate-119-1-00171: no proposal reference, skipping vote records
    senate-119-1-00172: no proposal reference, skipping vote records
    senate-119-1-00173: no proposal reference, skipping vote records
    senate-119-1-00174: no proposal reference, skipping vote records
    senate-119-1-00175: no proposal reference, skipping vote records
    senate-119-1-00176: no proposal reference, skipping vote records
    senate-119-1-00177: no proposal reference, skipping vote records
    senate-119-1-00178: no proposal reference, skipping vote records
    senate-119-1-00179: no proposal reference, skipping vote records
    senate-119-1-00180: no proposal reference, skipping vote records
    senate-119-1-00181: no proposal reference, skipping vote records
    senate-119-1-00182: no proposal reference, skipping vote records
    senate-119-1-00183: no proposal reference, skipping vote records
    senate-119-1-00184: no proposal reference, skipping vote records
    senate-119-1-00185: no proposal reference, skipping vote records
    senate-119-1-00186: no proposal reference, skipping vote records
    senate-119-1-00187: no proposal reference, skipping vote records
    senate-119-1-00188: no proposal reference, skipping vote records
    senate-119-1-00189: no proposal reference, skipping vote records
    senate-119-1-00190: no proposal reference, skipping vote records
    senate-119-1-00309: no proposal reference, skipping vote records
    senate-119-1-00310: no proposal reference, skipping vote records
    senate-119-1-00311: no proposal reference, skipping vote records
    senate-119-1-00330: no proposal reference, skipping vote records
    senate-119-1-00339: no proposal reference, skipping vote records
    senate-119-1-00341: no proposal reference, skipping vote records
    senate-119-1-00342: no proposal reference, skipping vote records
    senate-119-1-00343: no proposal reference, skipping vote records
    senate-119-1-00344: no proposal reference, skipping vote records
    senate-119-1-00345: no proposal reference, skipping vote records
    senate-119-1-00352: no proposal reference, skipping vote records
    senate-119-1-00355: no proposal reference, skipping vote records
    senate-119-1-00356: no proposal reference, skipping vote records
    senate-119-1-00358: no proposal reference, skipping vote records
    senate-119-1-00360: no proposal reference, skipping vote records
    senate-119-1-00361: no proposal reference, skipping vote records
    senate-119-1-00362: no proposal reference, skipping vote records
    senate-119-1-00363: no proposal reference, skipping vote records
    senate-119-1-00364: no proposal reference, skipping vote records
    senate-119-1-00365: no proposal reference, skipping vote records
    senate-119-1-00366: no proposal reference, skipping vote records
    senate-119-1-00367: no proposal reference, skipping vote records
    senate-119-1-00368: no proposal reference, skipping vote records
    senate-119-1-00369: no proposal reference, skipping vote records
    senate-119-1-00370: no proposal reference, skipping vote records
    senate-119-1-00371: no proposal reference, skipping vote records
    senate-119-1-00393: no proposal reference, skipping vote records
    senate-119-1-00397: no proposal reference, skipping vote records
    senate-119-1-00400: no proposal reference, skipping vote records
    senate-119-1-00402: no proposal reference, skipping vote records
    senate-119-1-00404: no proposal reference, skipping vote records
    senate-119-1-00405: no proposal reference, skipping vote records
    senate-119-1-00406: no proposal reference, skipping vote records
    senate-119-1-00407: no proposal reference, skipping vote records
    senate-119-1-00408: no proposal reference, skipping vote records
    senate-119-1-00409: no proposal reference, skipping vote records
    senate-119-1-00410: no proposal reference, skipping vote records
    senate-119-1-00472: no proposal reference, skipping vote records
    senate-119-1-00473: no proposal reference, skipping vote records
    senate-119-1-00474: no proposal reference, skipping vote records
    senate-119-1-00475: no proposal reference, skipping vote records
    senate-119-1-00476: no proposal reference, skipping vote records
    senate-119-1-00477: no proposal reference, skipping vote records
    senate-119-1-00478: no proposal reference, skipping vote records
    senate-119-1-00479: no proposal reference, skipping vote records
    senate-119-1-00481: no proposal reference, skipping vote records
    senate-119-2-00014: no proposal reference, skipping vote records
    senate-119-2-00015: no proposal reference, skipping vote records
    senate-119-2-00016: no proposal reference, skipping vote records
    senate-119-2-00017: no proposal reference, skipping vote records
    senate-119-2-00018: no proposal reference, skipping vote records
    senate-119-2-00019: no proposal reference, skipping vote records
    senate-119-2-00050: no proposal reference, skipping vote records
    senate-119-2-00051: no proposal reference, skipping vote records
    senate-119-2-00060: no proposal reference, skipping vote records
    senate-119-2-00073: no proposal reference, skipping vote records
    senate-119-2-00089: no proposal reference, skipping vote records
    senate-119-2-00090: no proposal reference, skipping vote records
    senate-119-2-00091: no proposal reference, skipping vote records
    senate-119-2-00092: no proposal reference, skipping vote records
    senate-119-2-00093: no proposal reference, skipping vote records
    senate-119-2-00094: no proposal reference, skipping vote records
    senate-119-2-00095: no proposal reference, skipping vote records
    senate-119-2-00096: no proposal reference, skipping vote records
    senate-119-2-00097: no proposal reference, skipping vote records
    senate-119-2-00098: no proposal reference, skipping vote records
    senate-119-2-00099: no proposal reference, skipping vote records
    senate-119-2-00100: no proposal reference, skipping vote records
    senate-119-2-00101: no proposal reference, skipping vote records
    senate-119-2-00102: no proposal reference, skipping vote records
    senate-119-2-00103: no proposal reference, skipping vote records
    senate-119-2-00104: no proposal reference, skipping vote records

Votes pipeline complete: 200 proposals upserted, 0 votes inserted

=== OpenStates bulk people pipeline ===
  Resolved 100 governing bodies
  AL: 140 rows · +140 valid
  AK: 60 rows · +60 valid
  AZ: 89 rows · +89 valid
  AR: 134 rows · +134 valid
  CA: 120 rows · +120 valid
  CO: 100 rows · +100 valid
  CT: 187 rows · +187 valid
  DE: 62 rows · +62 valid
  DC: no jurisdiction id, skipping
  FL: 159 rows · +159 valid
  GA: 233 rows · +233 valid
  HI: 76 rows · +76 valid
  ID: 105 rows · +105 valid
  IL: 177 rows · +177 valid
  IN: 150 rows · +150 valid
  IA: 150 rows · +150 valid
  KS: 165 rows · +165 valid
  KY: 138 rows · +138 valid
  LA: 144 rows · +144 valid
  ME: 187 rows · +187 valid
  MD: 188 rows · +188 valid
  MA: 198 rows · +198 valid
  MI: 147 rows · +147 valid
  MN: 201 rows · +201 valid
  MS: 174 rows · +174 valid
  MO: 192 rows · +192 valid
  MT: 150 rows · +150 valid
  NE: 49 rows · +49 valid
  NV: 63 rows · +63 valid
  NH: 414 rows · +414 valid
  NJ: 120 rows · +120 valid
  NM: 112 rows · +112 valid
  NY: 213 rows · +213 valid
  NC: 170 rows · +170 valid
  ND: 140 rows · +140 valid
  OH: 132 rows · +132 valid
  OK: 147 rows · +147 valid
  OR: 90 rows · +90 valid
  PA: 251 rows · +251 valid
  RI: 113 rows · +113 valid
  SC: 170 rows · +170 valid
  SD: 105 rows · +105 valid
  TN: 132 rows · +132 valid
  TX: 180 rows · +180 valid
  UT: 102 rows · +102 valid
  VT: 180 rows · +180 valid
  VA: 140 rows · +140 valid
[wrapper-heartbeat] rss=252MB peak=252MB elapsed=240s
  WA: 147 rows · +147 valid
  WV: 134 rows · +134 valid
  WI: 132 rows · +132 valid
  WY: 93 rows · +93 valid

  ──────────────────────────────────────────────────
  OpenStates bulk people report
  ──────────────────────────────────────────────────
  States processed: 50 · skipped: 1
  Inserted:         0
  Updated:          7355
  Failed:           0
  District-linked:  6515
  Downloaded:       5.72 MB
  [edgar/shareholders] daily index HTTP 403
  [edgar:daily] no 13D/G filings for tracked CIKs today

=== FEC bulk data pipeline (public, multi-cycle) ===
  Cycles to process: 2024, 2026
  Indiv cycles:      2024, 2026

  Seeding jurisdictions + governing bodies (idempotent)...
  Seeding jurisdictions...
  Error upserting jurisdiction for District of Columbia: {
  code: 'PGRST116',
  details: 'Results contain 2 rows, application/vnd.pgrst.object+json requires 1 row',
  hint: null,
  message: 'JSON object requested, multiple (or no) rows returned'
}
  Seeded 1 jurisdictions
  Seeding governing bodies...
    Officials indexed by FEC ID: 13009

  Loading officials and building match index...
    Loaded 26871 active officials
    Initial FEC ID index size: 13007

────────── Cycle 2024 ──────────
  [2024 1/5] Downloading FEC bulk files...
    Downloading weball24.zip...
    ✓ weball24.zip (0.2 MB, source=r2)
    Downloading cm24.zip...
    ✓ cm24.zip (0.8 MB, source=r2)
    Downloading pas224.zip...
    ✓ pas224.zip (23.5 MB, source=r2)
  [2024 1b/5] Ingesting FEC candidate master (cn24.zip)...
    ✓ cn24.zip (0.34 MB, source=r2)
    cn24: extracted 0.9 MB — streaming line by line...
    cn24: lines=9804 new=0 existing=9804 name_updated=0 no_office=0 failed=0
  [2024 2/5] Extracting and parsing candidate summary...
    Parsed 3857 candidate rows (0.5 MB)
    Matched by fec_id: 3852  by name: 2  not matched: 3
    Name fallback matched: 451 additional officials
  [2024 3/5] Building PAC committee index and streaming contributions...
    Committee master: 20,941 committees indexed
    Streaming pas2 (filtering to 13009 known fec_ids)...
    Extracted pas224.txt (117 MB) — streaming line by line...
    Lines read: 703,597
    Passed 24K/24Z filter:    623,850
    Passed candidateSet filter: 613,771
    Passed $200+ filter:       243,747
    PAC pairs matched (committee × candidate): 136,077
  [2024 4/5] Upserting entities + relationships...
[wrapper-heartbeat] rss=333MB peak=333MB elapsed=270s
    Entities — upserted: 4460  failed: 0
[wrapper-heartbeat] rss=481MB peak=481MB elapsed=300s
[wrapper-heartbeat] rss=533MB peak=533MB elapsed=330s
[wrapper-heartbeat] rss=446MB peak=533MB elapsed=360s
    Relationships — upserted: 136077  failed: 0
  [2024 5/6] Individual contributions stage (FIX-181)...
    Downloading ccl24.zip...
    ✓ ccl24.zip (0.09 MB, source=r2)
    Downloading indiv24.zip (~2 GB)...
[wrapper-heartbeat] rss=466MB peak=533MB elapsed=390s
[wrapper-heartbeat] rss=438MB peak=533MB elapsed=420s
[wrapper-heartbeat] rss=494MB peak=533MB elapsed=450s
[wrapper-heartbeat] rss=496MB peak=533MB elapsed=480s
[wrapper-heartbeat] rss=479MB peak=533MB elapsed=510s
[wrapper-heartbeat] rss=499MB peak=533MB elapsed=540s
[wrapper-heartbeat] rss=460MB peak=533MB elapsed=570s
    ✓ indiv24.zip (4048 MB, source=r2)
    ccl: 8,004 all committees, 7,911 mapped to our candidates
    Non-candidate committees to capture (super PAC + party + other PAC): 10,886
[wrapper-heartbeat] rss=506MB peak=533MB elapsed=600s
[wrapper-heartbeat] rss=504MB peak=533MB elapsed=630s
    Extracted indiv text (10529 MB) — streaming line by line...
    ... 1,000,000 lines | 48,430 cand pairs | 55,806 cmte pairs | 92,690 donors
    ... 2,000,000 lines | 81,393 cand pairs | 108,980 cmte pairs | 162,286 donors
    ... 3,000,000 lines | 116,899 cand pairs | 156,225 cmte pairs | 225,703 donors
    ... 4,000,000 lines | 151,649 cand pairs | 191,726 cmte pairs | 278,108 donors
    ... 5,000,000 lines | 182,644 cand pairs | 215,094 cmte pairs | 319,656 donors
    ... 6,000,000 lines | 207,966 cand pairs | 239,164 cmte pairs | 356,479 donors
    ... 7,000,000 lines | 230,282 cand pairs | 255,372 cmte pairs | 383,765 donors
    ... 8,000,000 lines | 253,419 cand pairs | 323,261 cmte pairs | 459,774 donors
    ... 9,000,000 lines | 285,874 cand pairs | 373,866 cmte pairs | 520,035 donors
    ... 10,000,000 lines | 313,860 cand pairs | 404,591 cmte pairs | 559,465 donors
    ... 11,000,000 lines | 331,948 cand pairs | 426,587 cmte pairs | 587,593 donors
[wrapper-heartbeat] rss=2427MB peak=2427MB elapsed=660s
    ... 12,000,000 lines | 351,006 cand pairs | 444,923 cmte pairs | 612,903 donors
    ... 13,000,000 lines | 381,246 cand pairs | 466,445 cmte pairs | 646,110 donors
    ... 14,000,000 lines | 397,147 cand pairs | 484,858 cmte pairs | 669,002 donors
    ... 15,000,000 lines | 400,623 cand pairs | 497,292 cmte pairs | 679,951 donors
    ... 16,000,000 lines | 420,081 cand pairs | 524,572 cmte pairs | 714,466 donors
    ... 17,000,000 lines | 467,004 cand pairs | 564,530 cmte pairs | 769,942 donors
[wrapper-heartbeat] rss=2673MB peak=2673MB elapsed=690s
    ... 18,000,000 lines | 499,346 cand pairs | 599,586 cmte pairs | 812,071 donors
[wrapper-heartbeat] rss=2613MB peak=2673MB elapsed=720s
    ... 19,000,000 lines | 526,557 cand pairs | 635,660 cmte pairs | 851,773 donors
    ... 20,000,000 lines | 559,407 cand pairs | 672,405 cmte pairs | 895,111 donors

<--- Last few GCs --->

[28688:00000187D5DEA000]   732201 ms: Mark-Compact 3630.0 (4203.8) -> 3582.5 (4210.0) MB, pooled: 8 MB, 324.90 / 0.00 ms  (average mu = 0.223, current mu = 0.192) task; scavenge might not succeed
[28688:00000187D5DEA000]   732614 ms: Mark-Compact 3636.2 (4210.0) -> 3589.7 (4217.8) MB, pooled: 8 MB, 318.67 / 0.00 ms  (average mu = 0.225, current mu = 0.228) task; scavenge might not succeed

FATAL ERROR: Ineffective mark-compacts near heap limit Allocation failed - JavaScript heap out of memory
----- Native stack trace -----

 1: 00007FF70DC5C36F node::OnFatalError+1343
 2: 00007FF70E8A4D77 v8::Function::NewInstance+423
 3: 00007FF70E6A5467 v8::base::AddressSpaceReservation::AddressSpaceReservation+322071
 4: 00007FF70E6A9174 v8::base::AddressSpaceReservation::AddressSpaceReservation+337700
 5: 00007FF70E6B810C v8::internal::StrongRootAllocatorBase::deallocate_impl+16604
 6: 00007FF70E6B794B v8::internal::StrongRootAllocatorBase::deallocate_impl+14619
 7: 00007FF70FB3DAED v8::base::UnsignedDivisionByConstant<unsigned __int64>+2791421
 8: 00007FF70E6A2F30 v8::base::AddressSpaceReservation::AddressSpaceReservation+312544
 9: 00007FF70E6538E2 EVP_PKEY_asn1_set_get_priv_key+86258
10: 00007FF70DBAF0CA node::GetNodeReport+99354
11: 00007FF70DBAD8B0 node::GetNodeReport+93184
12: 00007FF70E90C70B uv_run+1867
13: 00007FF70E90C27F uv_run+703
14: 00007FF70DD6EBCF node::DecodeWrite+351
15: 00007FF70DBEB416 node::MultiIsolatePlatform::DisposeIsolate+244262
16: 00007FF70DCB718C node::Start+1052
17: 00007FF70ECD3F82 AES_cbc_encrypt+2546
18: 00007FF70FB471F4 v8::base::UnsignedDivisionByConstant<unsigned __int64>+2830084
19: 00007FFBEEDD7374 BaseThreadInitThunk+20
20: 00007FFBF08FCC91 RtlUserThreadStart+33
WRAPPER EXIT=134
