[pipeline] target: https://xsazcoxinpgttgquwvuf.supabase.co (REMOTE)

────────────────────────────────────────────────────────────────────────
DONOR — Elon Musk
────────────────────────────────────────────────────────────────────────
  matching financial_entities (LIKE %MUSK%ELON% or %ELON%MUSK%):

────────────────────────────────────────────────────────────────────────
DONOR — Elizabeth Simons → DCCC (FIX-236 anchor, expect ~$522K)
────────────────────────────────────────────────────────────────────────
  matching donor entities: 0

────────────────────────────────────────────────────────────────────────
DONOR — Jon Stryker → DCCC (FIX-236 anchor, expect ~$310K)
────────────────────────────────────────────────────────────────────────
  matching donor entities: 0

────────────────────────────────────────────────────────────────────────
DONOR — Stephen Schwarzman (FIX-239 dedup — expect ONE row)
────────────────────────────────────────────────────────────────────────
  Schwarzman entities: 0

────────────────────────────────────────────────────────────────────────
DONOR — high-volume small-donor THOMPSON (FIX-236 anchor — 1,889 matches)
────────────────────────────────────────────────────────────────────────
  entities with name starting THOMPSON,: null (expected ~1889)
  error: 
  top THOMPSON donors by total_donated_cents:

────────────────────────────────────────────────────────────────────────
DONOR — apostrophe surnames (FIX-244 + FIX-245)
────────────────────────────────────────────────────────────────────────
  O'BRIEN,*  entity count: null
  O'CONNOR,*  entity count: null
  D'ANGELO,*  entity count: null
  D'AMICO,*  entity count: null

────────────────────────────────────────────────────────────────────────
RECIPIENT — Donald Trump (tier='candidate' or 'elected'; FIX-240 IE inflow)
────────────────────────────────────────────────────────────────────────
  matching officials: 1
    [579fcb44-1f5d-46f6-b69e-7c047638833d] name="Donald Trump" tier=candidate party=republican role="Candidate for President" fec=P80001571
  inflow rows: 0

────────────────────────────────────────────────────────────────────────
RECIPIENT — JD Vance (FIX-247 'J D' parsing — should NOT duplicate)
────────────────────────────────────────────────────────────────────────
  Vance officials: 0

────────────────────────────────────────────────────────────────────────
RECIPIENT — Senate Majority PAC inflow (FIX-240 IE)
────────────────────────────────────────────────────────────────────────
  SMP entities: 0
  global ie_support rows: 3787
  global ie_oppose rows:  1568

────────────────────────────────────────────────────────────────────────
CONNECTION GRAPH — entity_connections totals + Musk/America-PAC chain
────────────────────────────────────────────────────────────────────────
  entity_connections total rows: 1914433

────────────────────────────────────────────────────────────────────────
FR source breakdown (FIX-236 indiv-to-committee, FIX-240 ie_*)
────────────────────────────────────────────────────────────────────────
  source=fec_bulk                            count=err:
  source=fec_bulk_indiv                      count=err:
  source=fec_bulk_indiv_to_committee         count=err:
  source=fec_bulk_ie                         count=err:
  source=usaspending_bulk                    count=err:
  source=irs990                              count=err:
  source=irs_990                             count=err:
  type=donation         count=err:
  type=ie_support       count=3787
  type=ie_oppose        count=1568
  type=contract         count=1277450
  type=grant            count=88370

────────────────────────────────────────────────────────────────────────
SEARCH — pg_trgm canonical_name (FIX-238 known-issue checkpoint)
────────────────────────────────────────────────────────────────────────
  q="elon musk      "  error: column financial_entities.name does not exist
  q="elon           "  error: column financial_entities.name does not exist
  q="musk           "  error: column financial_entities.name does not exist
  q="JD Vance       "  error: column financial_entities.name does not exist
  q="Schwarzman     "  error: column financial_entities.name does not exist
  q="STRYKER        "  error: column financial_entities.name does not exist
